// Jest Snapshot v1, https://goo.gl/fbAQLP

exports[`compileRust should generate a rust file 1`] = `
"extern crate serde_json;
use serde::Deserialize;
use serde::Serialize;

mod operations;

#[derive(Deserialize, Debug, Serialize)]
struct Data {
node: bool,
rust: String,
ruby: f64,
day_of_week: String,
price: f64,

}
pub fn run(data_string: String) -> String {
    let mut parsed_data: Data =
        serde_json::from_str(&data_string).expect(\\"JSON was not well-formatted\\");
if parsed_data.node == true {
        parsed_data.rust = \\"win\\".to_string()
    }
else {
        parsed_data.ruby = 1337
    }
if parsed_data.day_of_week != \\"Friday\\".to_string() {
        parsed_data.price = 15
    }
return serde_json::to_string_pretty(&parsed_data).unwrap();
}"
`;
